
> nursing-learning-hub@0.1.0 build
> next build

node.exe : ΓÜá Warning: Next.js inferred your workspace 
root, but it may not be correct.
At C:\Program Files\nodejs\npm.ps1:29 char:3
+   & $NODE_EXE $NPM_CLI_JS $args
+   ~~~~~~~~~~~~~~~~~~~~~~~~~~~~~
    + CategoryInfo          : NotSpecified: (ΓÜá Warnin 
   g: Ne...not be correct.:String) [], RemoteException
    + FullyQualifiedErrorId : NativeCommandError
 
 We detected multiple lockfiles and selected the 
directory of C:\Users\F1324\package-lock.json as the 
root directory.
 To silence this warning, set `turbopack.root` in your 
Next.js config, or consider removing one of the 
lockfiles if it's not needed.
   See https://nextjs.org/docs/app/api-reference/config/
next-config-js/turbopack#root-directory for more 
information.
 Detected additional lockfiles: 
   * C:\Users\F1324\Desktop\Antigrativiy\nursing-learnin
g-hub\package-lock.json

Γû▓ Next.js 16.1.6 (Turbopack)
- Environments: .env.local

ΓÜá The "middleware" file convention is deprecated. 
Please use "proxy" instead. Learn more: 
https://nextjs.org/docs/messages/middleware-to-proxy
  Creating an optimized production build ...

> Build error occurred
Error: Turbopack build failed with 1 errors:
./Desktop/Antigrativiy/nursing-learning-hub/lib/supabase
/server.ts:2:1
Ecmascript file had an error
[0m [90m 1 |[39m [36mimport[39m { 
createServerClient[33m,[39m type 
[33mCookieOptions[39m } [36mfrom[39m 
[32m'@supabase/ssr'[39m
[31m[1m>[22m[39m[90m 2 |[39m [36mimport[39m { 
cookies } [36mfrom[39m [32m'next/headers'[39m
 [90m   |[39m [31m[1m^[22m[39m[31m[1m^[22m[39m
[31m[1m^[22m[39m[31m[1m^[22m[39m[31m[1m^[22m
[39m[31m[1m^[22m[39m[31m[1m^[22m[39m[31m[1m^[
22m[39m[31m[1m^[22m[39m[31m[1m^[22m[39m[31m[1
m^[22m[39m[31m[1m^[22m[39m[31m[1m^[22m[39m[31
m[1m^[22m[39m[31m[1m^[22m[39m[31m[1m^[22m[39m
[31m[1m^[22m[39m[31m[1m^[22m[39m[31m[1m^[22m
[39m[31m[1m^[22m[39m[31m[1m^[22m[39m[31m[1m^[
22m[39m[31m[1m^[22m[39m[31m[1m^[22m[39m[31m[1
m^[22m[39m[31m[1m^[22m[39m[31m[1m^[22m[39m[31
m[1m^[22m[39m[31m[1m^[22m[39m[31m[1m^[22m[39m
[31m[1m^[22m[39m[31m[1m^[22m[39m[31m[1m^[22m
[39m[31m[1m^[22m[39m[31m[1m^[22m[39m[31m[1m^[
22m[39m[31m[1m^[22m[39m[31m[1m^[22m[39m
 [90m 3 |[39m
 [90m 4 |[39m [36mexport[39m [36masync[39m 
[36mfunction[39m createClient() {
 [90m 5 |[39m     [36mconst[39m cookieStore 
[33m=[39m [36mawait[39m cookies()[0m

You're importing a component that needs "next/headers". 
That only works in a Server Component which is not 
supported in the pages/ directory. Read more: https://ne
xtjs.org/docs/app/building-your-application/rendering/se
rver-components



Import traces:
  #1 [Server Component]:
    ./Desktop/Antigrativiy/nursing-learning-hub/lib/supa
base/server.ts
    ./Desktop/Antigrativiy/nursing-learning-hub/actions/
material.actions.ts

  #2 [Server Component]:
    ./Desktop/Antigrativiy/nursing-learning-hub/lib/supa
base/server.ts
    ./Desktop/Antigrativiy/nursing-learning-hub/lib/serv
ices/wrong_answer.service.ts
    ./Desktop/Antigrativiy/nursing-learning-hub/app/(app
)/courses/[courseId]/wrong-answers/page.tsx

  #3 [Client Component Browser]:
    ./Desktop/Antigrativiy/nursing-learning-hub/lib/supa
base/server.ts [Client Component Browser]
    ./Desktop/Antigrativiy/nursing-learning-hub/lib/serv
ices/material.service.ts [Client Component Browser]
    ./Desktop/Antigrativiy/nursing-learning-hub/componen
ts/MaterialItem.tsx [Client Component Browser]
    ./Desktop/Antigrativiy/nursing-learning-hub/componen
ts/MaterialItem.tsx [Server Component]
    ./Desktop/Antigrativiy/nursing-learning-hub/app/(app
)/courses/[courseId]/materials/page.tsx [Server 
Component]

  #4 [Client Component SSR]:
    ./Desktop/Antigrativiy/nursing-learning-hub/lib/supa
base/server.ts [Client Component SSR]
    ./Desktop/Antigrativiy/nursing-learning-hub/lib/serv
ices/material.service.ts [Client Component SSR]
    ./Desktop/Antigrativiy/nursing-learning-hub/componen
ts/MaterialItem.tsx [Client Component SSR]
    ./Desktop/Antigrativiy/nursing-learning-hub/componen
ts/MaterialItem.tsx [Server Component]
    ./Desktop/Antigrativiy/nursing-learning-hub/app/(app
)/courses/[courseId]/materials/page.tsx [Server 
Component]


    at <unknown> (./Desktop/Antigrativiy/nursing-learnin
g-hub/lib/supabase/server.ts:2:1)
